src/modules/appointment/appointment.service.ts(408,28): error TS2551: Property 'appointmentId' does not exist on type 'AppointmentServiceEntity'. Did you mean 'appointment'?
src/modules/appointment/appointment.service.ts(408,50): error TS2551: Property 'appointmentId' does not exist on type 'AppointmentServiceEntity'. Did you mean 'appointment'?
src/modules/appointment/appointment.service.ts(409,23): error TS2551: Property 'appointmentId' does not exist on type 'AppointmentServiceEntity'. Did you mean 'appointment'?
